::1 - - [18/Apr/2026:16:59:54 +0500] "GET / HTTP/1.1" 200 79658
::1 - - [18/Apr/2026:16:59:54 +0500] "GET /favicon.ico HTTP/1.1" 404 236
::1 - - [18/Apr/2026:17:00:14 +0500] "-" 408 -
::1 - - [18/Apr/2026:17:00:40 +0500] "GET /favicon.ico HTTP/1.1" 404 236
::1 - - [18/Apr/2026:17:01:00 +0500] "-" 408 -
::1 - - [18/Apr/2026:17:11:49 +0500] "GET / HTTP/1.1" 200 79314
::1 - - [18/Apr/2026:17:11:53 +0500] "GET /fiwork HTTP/1.1" 301 272
::1 - - [18/Apr/2026:17:11:53 +0500] "GET /fiwork/ HTTP/1.1" 200 148314
::1 - - [18/Apr/2026:17:11:53 +0500] "GET /css/mobile-navigation-menu.css HTTP/1.1" 404 236
::1 - - [18/Apr/2026:17:11:53 +0500] "GET /img/logo.svg HTTP/1.1" 404 236
::1 - - [18/Apr/2026:17:11:53 +0500] "GET /css/base.css HTTP/1.1" 404 236
::1 - - [18/Apr/2026:17:11:53 +0500] "GET /img/beta.svg HTTP/1.1" 404 236
::1 - - [18/Apr/2026:17:11:53 +0500] "GET /img/icons/green-dot.svg HTTP/1.1" 404 236
::1 - - [18/Apr/2026:17:11:53 +0500] "GET /img/icons/blue-dot.svg HTTP/1.1" 404 236
::1 - - [18/Apr/2026:17:11:54 +0500] "GET /img/icons/bold-x-close.svg HTTP/1.1" 404 236
::1 - - [18/Apr/2026:17:11:54 +0500] "GET /js/mobile-navigation-menu.js?v=%3C?=%20time();%20?%3E HTTP/1.1" 404 236
::1 - - [18/Apr/2026:17:11:54 +0500] "GET /js/swiper.js HTTP/1.1" 404 236
::1 - - [18/Apr/2026:17:11:53 +0500] "GET /fiwork/css/index.css?v=1776514313 HTTP/1.1" 200 68572
::1 - - [18/Apr/2026:17:11:53 +0500] "GET /fiwork/css/accordion.css?v=1776514313 HTTP/1.1" 200 1753
::1 - - [18/Apr/2026:17:11:54 +0500] "GET /fiwork/js/mobile-navigation-menu.js?v=1776514313 HTTP/1.1" 200 347
::1 - - [18/Apr/2026:17:11:54 +0500] "GET /css/swiper.css HTTP/1.1" 404 236
::1 - - [18/Apr/2026:17:11:54 +0500] "GET /img/icons/fire.svg HTTP/1.1" 404 236
::1 - - [18/Apr/2026:17:11:53 +0500] "GET /fiwork/css/mobile-navigation-menu.css?v=1776514313 HTTP/1.1" 200 6271
::1 - - [18/Apr/2026:17:11:54 +0500] "GET /img/new-mobile-menu/burger-icon.svg HTTP/1.1" 404 236
::1 - - [18/Apr/2026:17:11:54 +0500] "GET /img/new-mobile-menu/close-icon.svg HTTP/1.1" 404 236
::1 - - [18/Apr/2026:17:11:54 +0500] "GET /img/new-mobile-menu/person-icon.svg HTTP/1.1" 404 236
::1 - - [18/Apr/2026:17:11:54 +0500] "GET /img/new-mobile-menu/search-icon.svg HTTP/1.1" 404 236
::1 - - [18/Apr/2026:17:11:54 +0500] "GET /img/new-mobile-menu/home.svg HTTP/1.1" 404 236
::1 - - [18/Apr/2026:17:11:54 +0500] "GET /img/new-mobile-menu/windows-icon.svg HTTP/1.1" 404 236
::1 - - [18/Apr/2026:17:11:54 +0500] "GET /img/new-mobile-menu/currency-coin-dollar.svg HTTP/1.1" 404 236
::1 - - [18/Apr/2026:17:11:54 +0500] "GET /img/new-mobile-menu/favourite.svg HTTP/1.1" 404 236
::1 - - [18/Apr/2026:17:11:54 +0500] "GET /img/new-mobile-menu/information-circle.svg HTTP/1.1" 404 236
::1 - - [18/Apr/2026:17:11:54 +0500] "GET /img/new-mobile-menu/question-icon.svg HTTP/1.1" 404 236
::1 - - [18/Apr/2026:17:11:54 +0500] "GET /img/icons/mobile-menu-icons/back-icon.svg HTTP/1.1" 404 236
::1 - - [18/Apr/2026:17:11:54 +0500] "GET /img/new-mobile-menu/menu-icons/design.svg HTTP/1.1" 404 236
::1 - - [18/Apr/2026:17:11:54 +0500] "GET /img/icons/mobile-menu-icons/open-submenu-icon.svg HTTP/1.1" 404 236
::1 - - [18/Apr/2026:17:11:54 +0500] "GET /img/new-mobile-menu/menu-icons/advertisement.svg HTTP/1.1" 404 236
::1 - - [18/Apr/2026:17:11:54 +0500] "GET /img/new-mobile-menu/menu-icons/video.svg HTTP/1.1" 404 236
::1 - - [18/Apr/2026:17:11:54 +0500] "GET /img/new-mobile-menu/menu-icons/music.svg HTTP/1.1" 404 236
::1 - - [18/Apr/2026:17:11:54 +0500] "GET /img/new-mobile-menu/menu-icons/it-development.svg HTTP/1.1" 404 236
::1 - - [18/Apr/2026:17:11:54 +0500] "GET /img/new-mobile-menu/menu-icons/photo.svg HTTP/1.1" 404 236
::1 - - [18/Apr/2026:17:11:54 +0500] "GET /img/icons/mobile-menu-icons/fire-icon.svg HTTP/1.1" 404 236
::1 - - [18/Apr/2026:17:11:54 +0500] "GET /img/new-mobile-menu/blue-search-icon.svg HTTP/1.1" 404 236
::1 - - [18/Apr/2026:17:11:54 +0500] "GET /img/garlands.svg HTTP/1.1" 404 236
::1 - - [18/Apr/2026:17:11:54 +0500] "GET /img/garland-switch.svg HTTP/1.1" 404 236
::1 - - [18/Apr/2026:17:11:54 +0500] "GET /img/new-mobile-menu/main.svg HTTP/1.1" 404 236
::1 - - [18/Apr/2026:17:11:54 +0500] "GET /img/new-mobile-menu/main-active.svg HTTP/1.1" 404 236
::1 - - [18/Apr/2026:17:11:54 +0500] "GET /img/new-mobile-menu/services.svg HTTP/1.1" 404 236
::1 - - [18/Apr/2026:17:11:54 +0500] "GET /img/new-mobile-menu/services-active.svg HTTP/1.1" 404 236
::1 - - [18/Apr/2026:17:11:54 +0500] "GET /img/new-mobile-menu/earn.svg HTTP/1.1" 404 236
::1 - - [18/Apr/2026:17:11:54 +0500] "GET /img/new-mobile-menu/earn-active.svg HTTP/1.1" 404 236
::1 - - [18/Apr/2026:17:11:54 +0500] "GET /img/icons/pocket.svg HTTP/1.1" 404 236
::1 - - [18/Apr/2026:17:11:54 +0500] "GET /img/icons/arrow-right.svg HTTP/1.1" 404 236
::1 - - [18/Apr/2026:17:11:54 +0500] "GET /img/icons/ArrowLeft.svg HTTP/1.1" 404 236
::1 - - [18/Apr/2026:17:11:54 +0500] "GET /img/icons/ArrowRight.svg HTTP/1.1" 404 236
::1 - - [18/Apr/2026:17:11:54 +0500] "GET /img/ads/ad1.webp HTTP/1.1" 404 236
::1 - - [18/Apr/2026:17:11:54 +0500] "GET /img/freelancer-avatars/freelancer1.webp HTTP/1.1" 404 236
::1 - - [18/Apr/2026:17:11:54 +0500] "GET /img/icons/status-star.svg HTTP/1.1" 404 236
::1 - - [18/Apr/2026:17:11:54 +0500] "GET /img/icons/verified.svg HTTP/1.1" 404 236
::1 - - [18/Apr/2026:17:11:54 +0500] "GET /img/icons/yellow-star.svg HTTP/1.1" 404 236
::1 - - [18/Apr/2026:17:11:54 +0500] "GET /img/ads/taplink.webp HTTP/1.1" 404 236
::1 - - [18/Apr/2026:17:11:54 +0500] "GET /img/ads/app-design.webp HTTP/1.1" 404 236
::1 - - [18/Apr/2026:17:11:54 +0500] "GET /img/ads/ux-ui-design.webp HTTP/1.1" 404 236
::1 - - [18/Apr/2026:17:11:54 +0500] "GET /img/ads/mobile-design.webp HTTP/1.1" 404 236
::1 - - [18/Apr/2026:17:11:54 +0500] "GET /img/introduce-page/takie-dela.svg HTTP/1.1" 404 236
::1 - - [18/Apr/2026:17:11:54 +0500] "GET /img/introduce-page/tacc.svg HTTP/1.1" 404 236
::1 - - [18/Apr/2026:17:11:54 +0500] "GET /img/introduce-page/forbes.svg HTTP/1.1" 404 236
::1 - - [18/Apr/2026:17:11:54 +0500] "GET /img/introduce-page/rbk.svg HTTP/1.1" 404 236
::1 - - [18/Apr/2026:17:11:54 +0500] "GET /img/introduce-page/kommersant.svg HTTP/1.1" 404 236
::1 - - [18/Apr/2026:17:11:54 +0500] "GET /img/introduce-page/ria-novost.svg HTTP/1.1" 404 236
::1 - - [18/Apr/2026:17:11:54 +0500] "GET /img/introduce-page/delovoy-peterburg.svg HTTP/1.1" 404 236
::1 - - [18/Apr/2026:17:11:54 +0500] "GET /img/introduce-page/vc-ru.svg HTTP/1.1" 404 236
::1 - - [18/Apr/2026:17:11:54 +0500] "GET /img/icons/category-icons/design-and-graphics.svg HTTP/1.1" 404 236
::1 - - [18/Apr/2026:17:11:54 +0500] "GET /img/icons/category-icons/development-and-it.svg HTTP/1.1" 404 236
::1 - - [18/Apr/2026:17:11:54 +0500] "GET /img/icons/category-icons/social-sites-and-ads.svg HTTP/1.1" 404 236
::1 - - [18/Apr/2026:17:11:54 +0500] "GET /img/icons/category-icons/video-and-animation.svg HTTP/1.1" 404 236
::1 - - [18/Apr/2026:17:11:54 +0500] "GET /img/icons/category-icons/music-and-audio.svg HTTP/1.1" 404 236
::1 - - [18/Apr/2026:17:11:54 +0500] "GET /img/icons/category-icons/photo-edit.svg HTTP/1.1" 404 236
::1 - - [18/Apr/2026:17:11:54 +0500] "GET /img/icons/category-icons/text-and-translations.svg HTTP/1.1" 404 236
::1 - - [18/Apr/2026:17:11:54 +0500] "GET /img/icons/category-icons/blockchain-and-crypto.svg HTTP/1.1" 404 236
::1 - - [18/Apr/2026:17:11:54 +0500] "GET /img/ads/mobile-templ.webp HTTP/1.1" 404 236
::1 - - [18/Apr/2026:17:11:54 +0500] "GET /img/icons/like.svg HTTP/1.1" 404 236
::1 - - [18/Apr/2026:17:11:54 +0500] "GET /img/icons/arrow-right-blue.svg HTTP/1.1" 404 236
::1 - - [18/Apr/2026:17:11:54 +0500] "GET /img/freelancer.webp HTTP/1.1" 404 236
::1 - - [18/Apr/2026:17:11:54 +0500] "GET /img/icons/prev-carousel.svg HTTP/1.1" 404 236
::1 - - [18/Apr/2026:17:11:54 +0500] "GET /img/icons/next-carousel.svg HTTP/1.1" 404 236
::1 - - [18/Apr/2026:17:11:54 +0500] "GET /img/fiwork-banner.webp HTTP/1.1" 404 236
::1 - - [18/Apr/2026:17:11:54 +0500] "GET /img/fiwork-apps-qr.svg HTTP/1.1" 404 236
::1 - - [18/Apr/2026:17:11:54 +0500] "GET /img/fiwork-on-google-play.svg HTTP/1.1" 404 236
::1 - - [18/Apr/2026:17:11:54 +0500] "GET /img/fiwork-on-appstore.svg HTTP/1.1" 404 236
::1 - - [18/Apr/2026:17:11:54 +0500] "GET /img/grey-logo.svg HTTP/1.1" 404 236
::1 - - [18/Apr/2026:17:11:54 +0500] "GET /img/icons/lang/russian.svg HTTP/1.1" 404 236
::1 - - [18/Apr/2026:17:11:54 +0500] "GET /img/icons/chevron-down.svg HTTP/1.1" 404 236
::1 - - [18/Apr/2026:17:11:54 +0500] "GET /img/icons/lang/english.svg HTTP/1.1" 404 236
::1 - - [18/Apr/2026:17:11:54 +0500] "GET /img/icons/lang/france.png HTTP/1.1" 404 236
::1 - - [18/Apr/2026:17:11:54 +0500] "GET /img/icons/lang/italy.png HTTP/1.1" 404 236
::1 - - [18/Apr/2026:17:11:54 +0500] "GET /img/icons/lang/kazakhstan.png HTTP/1.1" 404 236
::1 - - [18/Apr/2026:17:11:54 +0500] "GET /img/icons/lang/uzbekistan.png HTTP/1.1" 404 236
::1 - - [18/Apr/2026:17:11:54 +0500] "GET /img/icons/lang/tajik.png HTTP/1.1" 404 236
::1 - - [18/Apr/2026:17:11:54 +0500] "GET /img/fiwork-footer/scales.svg HTTP/1.1" 404 236
::1 - - [18/Apr/2026:17:11:54 +0500] "GET /img/fiwork-footer/wallet.svg HTTP/1.1" 404 236
::1 - - [18/Apr/2026:17:11:54 +0500] "GET /img/fiwork-footer/chat.svg HTTP/1.1" 404 236
::1 - - [18/Apr/2026:17:11:54 +0500] "GET /img/fiwork-footer/height.svg HTTP/1.1" 404 236
::1 - - [18/Apr/2026:17:11:54 +0500] "GET /img/fiwork-footer/people.svg HTTP/1.1" 404 236
::1 - - [18/Apr/2026:17:11:54 +0500] "GET /img/fiwork-footer/green-dot.svg HTTP/1.1" 404 236
::1 - - [18/Apr/2026:17:11:54 +0500] "GET /img/fiwork-footer/blue-dot.svg HTTP/1.1" 404 236
::1 - - [18/Apr/2026:17:11:54 +0500] "GET /img/fiwork-footer/vk.svg HTTP/1.1" 404 236
::1 - - [18/Apr/2026:17:11:54 +0500] "GET /img/fiwork-footer/telegram.svg HTTP/1.1" 404 236
::1 - - [18/Apr/2026:17:11:54 +0500] "GET /img/fiwork-footer/dzen.svg HTTP/1.1" 404 236
::1 - - [18/Apr/2026:17:11:54 +0500] "GET /img/fiwork-footer/skolkovo.svg HTTP/1.1" 404 236
::1 - - [18/Apr/2026:17:11:54 +0500] "GET /img/fiwork-footer/award-product-radar.webp HTTP/1.1" 404 236
::1 - - [18/Apr/2026:17:11:54 +0500] "GET /img/fiwork-footer/award-gold-site.webp HTTP/1.1" 404 236
::1 - - [18/Apr/2026:17:11:54 +0500] "GET /img/fiwork-footer/award-awards.webp HTTP/1.1" 404 236
::1 - - [18/Apr/2026:17:11:54 +0500] "GET /img/fiwork-footer/award-runet.webp HTTP/1.1" 404 236
::1 - - [18/Apr/2026:17:11:54 +0500] "GET /fiwork/js/index.js?v=1776514313 HTTP/1.1" 200 16589
::1 - - [18/Apr/2026:17:11:54 +0500] "GET /img/fiwork-footer/partner-combocard.svg HTTP/1.1" 404 236
::1 - - [18/Apr/2026:17:11:54 +0500] "GET /img/fiwork-footer/partner-apple-pay.svg HTTP/1.1" 404 236
::1 - - [18/Apr/2026:17:11:54 +0500] "GET /img/fiwork-footer/partner-mastercard.svg HTTP/1.1" 404 236
::1 - - [18/Apr/2026:17:11:54 +0500] "GET /img/fiwork-footer/partner-mir.svg HTTP/1.1" 404 236
::1 - - [18/Apr/2026:17:11:54 +0500] "GET /img/fiwork-footer/partner-visa.svg HTTP/1.1" 404 236
::1 - - [18/Apr/2026:17:11:54 +0500] "GET /img/fiwork-footer/qr.png HTTP/1.1" 404 236
::1 - - [18/Apr/2026:17:11:54 +0500] "GET /img/fiwork-footer/mobile-app-store.svg HTTP/1.1" 404 236
::1 - - [18/Apr/2026:17:11:54 +0500] "GET /img/fiwork-footer/mobile-google-play.svg HTTP/1.1" 404 236
::1 - - [18/Apr/2026:17:11:54 +0500] "GET /img/icons/cookies.svg HTTP/1.1" 404 236
::1 - - [18/Apr/2026:17:11:54 +0500] "GET /img/icons/x-close.svg HTTP/1.1" 404 236
::1 - - [18/Apr/2026:17:11:54 +0500] "GET /img/icons/featured-icon.svg HTTP/1.1" 404 236
::1 - - [18/Apr/2026:17:11:54 +0500] "GET /img/icons/password-hidden.svg HTTP/1.1" 404 236
::1 - - [18/Apr/2026:17:11:54 +0500] "GET /img/icons/password-visible.svg HTTP/1.1" 404 236
::1 - - [18/Apr/2026:17:11:54 +0500] "GET /img/icons/vk-grey.svg HTTP/1.1" 404 236
::1 - - [18/Apr/2026:17:11:54 +0500] "GET /img/icons/vk-square-blue.svg HTTP/1.1" 404 236
::1 - - [18/Apr/2026:17:11:54 +0500] "GET /img/icons/yandex-grey.svg HTTP/1.1" 404 236
::1 - - [18/Apr/2026:17:11:54 +0500] "GET /img/icons/yandex-square-red.svg HTTP/1.1" 404 236
::1 - - [18/Apr/2026:17:11:54 +0500] "GET /img/icons/telegram-grey.svg HTTP/1.1" 404 236
::1 - - [18/Apr/2026:17:11:54 +0500] "GET /img/icons/telegram-square-blue.svg HTTP/1.1" 404 236
::1 - - [18/Apr/2026:17:11:54 +0500] "GET /img/icons/login-icon.svg HTTP/1.1" 404 236
::1 - - [18/Apr/2026:17:11:54 +0500] "GET /img/icons/sent-code-message.svg HTTP/1.1" 404 236
::1 - - [18/Apr/2026:17:11:54 +0500] "GET /fiwork/js/jQuery/jquery-3.5.1.min.js HTTP/1.1" 200 89478
::1 - - [18/Apr/2026:17:11:54 +0500] "GET /img/icons/fire.svg HTTP/1.1" 404 236
::1 - - [18/Apr/2026:17:11:54 +0500] "GET /img/logo.svg HTTP/1.1" 404 236
::1 - - [18/Apr/2026:17:11:54 +0500] "GET /img/beta.svg HTTP/1.1" 404 236
::1 - - [18/Apr/2026:17:11:54 +0500] "GET /img/icons/green-dot.svg HTTP/1.1" 404 236
::1 - - [18/Apr/2026:17:11:54 +0500] "GET /img/icons/blue-dot.svg HTTP/1.1" 404 236
::1 - - [18/Apr/2026:17:11:54 +0500] "GET /img/icons/mobile-menu-icons/open-submenu-icon.svg HTTP/1.1" 404 236
::1 - - [18/Apr/2026:17:11:54 +0500] "GET /img/icons/mobile-menu-icons/back-icon.svg HTTP/1.1" 404 236
::1 - - [18/Apr/2026:17:11:54 +0500] "GET /img/new-mobile-menu/earn.svg HTTP/1.1" 404 236
::1 - - [18/Apr/2026:17:11:54 +0500] "GET /img/new-mobile-menu/earn-active.svg HTTP/1.1" 404 236
::1 - - [18/Apr/2026:17:11:54 +0500] "GET /img/freelancer-avatars/freelancer1.webp HTTP/1.1" 404 236
::1 - - [18/Apr/2026:17:11:54 +0500] "GET /img/icons/status-star.svg HTTP/1.1" 404 236
::1 - - [18/Apr/2026:17:11:54 +0500] "GET /img/icons/verified.svg HTTP/1.1" 404 236
::1 - - [18/Apr/2026:17:11:54 +0500] "GET /img/icons/yellow-star.svg HTTP/1.1" 404 236
::1 - - [18/Apr/2026:17:11:54 +0500] "GET /img/ads/ad1.webp HTTP/1.1" 404 236
::1 - - [18/Apr/2026:17:11:54 +0500] "GET /img/ads/taplink.webp HTTP/1.1" 404 236
::1 - - [18/Apr/2026:17:11:54 +0500] "GET /img/ads/app-design.webp HTTP/1.1" 404 236
::1 - - [18/Apr/2026:17:11:54 +0500] "GET /img/ads/ux-ui-design.webp HTTP/1.1" 404 236
::1 - - [18/Apr/2026:17:11:54 +0500] "GET /img/ads/mobile-design.webp HTTP/1.1" 404 236
::1 - - [18/Apr/2026:17:11:54 +0500] "GET /img/ads/mobile-templ.webp HTTP/1.1" 404 236
::1 - - [18/Apr/2026:17:11:54 +0500] "GET /img/icons/like.svg HTTP/1.1" 404 236
::1 - - [18/Apr/2026:17:11:54 +0500] "GET /img/icons/lang/russian.svg HTTP/1.1" 404 236
::1 - - [18/Apr/2026:17:11:54 +0500] "GET /img/icons/x-close.svg HTTP/1.1" 404 236
::1 - - [18/Apr/2026:17:11:54 +0500] "GET /img/icons/password-hidden.svg HTTP/1.1" 404 236
::1 - - [18/Apr/2026:17:11:54 +0500] "GET /img/icons/password-visible.svg HTTP/1.1" 404 236
::1 - - [18/Apr/2026:17:11:54 +0500] "GET /img/icons/vk-grey.svg HTTP/1.1" 404 236
::1 - - [18/Apr/2026:17:11:54 +0500] "GET /img/icons/vk-square-blue.svg HTTP/1.1" 404 236
::1 - - [18/Apr/2026:17:11:54 +0500] "GET /img/icons/yandex-grey.svg HTTP/1.1" 404 236
::1 - - [18/Apr/2026:17:11:54 +0500] "GET /img/icons/yandex-square-red.svg HTTP/1.1" 404 236
::1 - - [18/Apr/2026:17:11:54 +0500] "GET /img/icons/telegram-grey.svg HTTP/1.1" 404 236
::1 - - [18/Apr/2026:17:11:54 +0500] "GET /img/icons/telegram-square-blue.svg HTTP/1.1" 404 236
::1 - - [18/Apr/2026:17:11:54 +0500] "GET /img/icons/sent-code-message.svg HTTP/1.1" 404 236
::1 - - [18/Apr/2026:17:11:54 +0500] "GET /fiwork/img/icons/website-building-service.png HTTP/1.1" 200 6327
::1 - - [18/Apr/2026:17:11:54 +0500] "GET /fiwork/img/icons/vfx-3d-service.png HTTP/1.1" 200 8101
::1 - - [18/Apr/2026:17:11:54 +0500] "GET /fiwork/img/icons/music-creation-service.png HTTP/1.1" 200 5133
::1 - - [18/Apr/2026:17:11:54 +0500] "GET /fiwork/img/icons/logo-creation.png HTTP/1.1" 200 7596
::1 - - [18/Apr/2026:17:11:54 +0500] "GET /fiwork/img/icons/ozvuchka-service.png HTTP/1.1" 200 12412
::1 - - [18/Apr/2026:17:11:54 +0500] "GET /fiwork/img/icons/create-app-service.png HTTP/1.1" 200 10482
::1 - - [18/Apr/2026:17:11:54 +0500] "GET /fiwork/img/icons/naming-service.png HTTP/1.1" 200 9507
::1 - - [18/Apr/2026:17:11:54 +0500] "GET /fiwork/img/icons/create-telegram-app-service.png HTTP/1.1" 200 6646
::1 - - [18/Apr/2026:17:11:54 +0500] "GET /fiwork/img/icons/reels-making-service.png HTTP/1.1" 200 7758
::1 - - [18/Apr/2026:17:11:54 +0500] "GET /fiwork/img/icons/figma-design-service.png HTTP/1.1" 200 5246
::1 - - [18/Apr/2026:17:11:54 +0500] "GET /fiwork/img/icons/flutter-service.png HTTP/1.1" 200 5176
::1 - - [18/Apr/2026:17:11:54 +0500] "GET /fiwork/img/icons/songwriting-service.png HTTP/1.1" 200 10942
::1 - - [18/Apr/2026:17:11:55 +0500] "GET /fiwork/favicon.ico HTTP/1.1" 404 236
::1 - - [18/Apr/2026:17:12:37 +0500] "GET /css/mobile-navigation-menu.css HTTP/1.1" 404 236
::1 - - [18/Apr/2026:17:12:37 +0500] "GET /css/base.css HTTP/1.1" 404 236
::1 - - [18/Apr/2026:17:12:37 +0500] "GET /css/swiper.css HTTP/1.1" 404 236
::1 - - [18/Apr/2026:17:12:37 +0500] "GET /.well-known/appspecific/com.chrome.devtools.json HTTP/1.1" 404 236
